main.c:124:5:main	8	static
main.c:192:6:SystemClock_Config	88	static
main.c:237:13:MX_CAN1_Init	8	static
main.c:274:13:MX_I2C1_Init	8	static
main.c:308:13:MX_SPI1_Init	8	static
main.c:346:13:MX_TIM2_Init	40	static
main.c:394:13:MX_TIM3_Init	48	static
main.c:452:13:MX_TIM7_Init	16	static
main.c:490:13:MX_GPIO_Init	48	static
main.c:525:5:CAN_Filter_Config	16	static
main.c:539:5:CAN_Header_Config	16	static
main.c:547:5:CAN_Starter	16	static
main.c:560:6:CTRL_Reg_Set	16	static
main.c:570:6:TORQUE_Reg_Set	16	static
main.c:579:6:STATUS_Reg_Set	8	static
main.c:585:10:RegAccess	32	static
main.c:605:6:configure_tim7	4	static
main.c:616:6:Error_Handler	4	static,ignoring_inline_asm
