main.c:123:5:main	8	static
main.c:190:6:SystemClock_Config	88	static
main.c:235:13:MX_CAN1_Init	8	static
main.c:272:13:MX_I2C1_Init	8	static
main.c:306:13:MX_SPI1_Init	8	static
main.c:344:13:MX_TIM2_Init	40	static
main.c:392:13:MX_TIM3_Init	48	static
main.c:450:13:MX_TIM7_Init	16	static
main.c:488:13:MX_GPIO_Init	48	static
main.c:523:5:CAN_Filter_Config	16	static
main.c:537:5:CAN_Header_Config	16	static
main.c:545:5:CAN_Starter	16	static
main.c:558:6:CTRL_Reg_Set	16	static
main.c:568:6:TORQUE_Reg_Set	16	static
main.c:577:6:STATUS_Reg_Set	8	static
main.c:583:10:RegAccess	32	static
main.c:608:6:Error_Handler	4	static,ignoring_inline_asm
