stm32f4xx_it.c:110:6:NMI_Handler	4	static
stm32f4xx_it.c:125:6:HardFault_Handler	4	static
stm32f4xx_it.c:140:6:MemManage_Handler	4	static
stm32f4xx_it.c:155:6:BusFault_Handler	4	static
stm32f4xx_it.c:170:6:UsageFault_Handler	4	static
stm32f4xx_it.c:185:6:SVC_Handler	4	static
stm32f4xx_it.c:198:6:DebugMon_Handler	4	static
stm32f4xx_it.c:211:6:PendSV_Handler	4	static
stm32f4xx_it.c:224:6:SysTick_Handler	8	static
stm32f4xx_it.c:245:6:CAN1_RX0_IRQHandler	8	static
stm32f4xx_it.c:260:6:TIM2_IRQHandler	8	static
stm32f4xx_it.c:274:6:TIM7_IRQHandler	56	static
stm32f4xx_it.c:374:6:My_CAN_Rx_Handler	24	static
stm32f4xx_it.c:395:7:read_angle	48	static
stm32f4xx_it.c:413:7:Ticks_To_Angle	16	static
stm32f4xx_it.c:419:5:Angle_To_CAN_Data	32	static
